// Jest Snapshot v1, https://goo.gl/fbAQLP

exports[`it throws an error when not handled 1`] = `"Error!"`;
